[www.tourismexperience.org/index34c5.html]
[backblue.gif]
[fade.gif]
[index.html]
[www.googletagmanager.com/nscc23.html]
[www.tourismexperience.org/index34c5.html]
[www.tourismexperience.org/indexfcc3.html]
[www.tourismexperience.org/indexfcc3.html]
[www.googletagmanager.com/gtm5445.html]
[www.tourismexperience.org/layouts/system/VisitorIdentification.js]
[www.tourismexperience.org/content/sites/euexperience/img/favicon.ico]
[www.tourismexperience.org/content/sites/euexperience/vendor/Bootstrap/css/bootstrap.min.css]
[www.tourismexperience.org/content/sites/euexperience/vendor/Fonts/css/fonts.css]
[www.tourismexperience.org/content/sites/euexperience/vendor/Slick/css/slick.min.css]
[www.tourismexperience.org/content/sites/euexperience/css/styles.css]
[www.googletagmanager.com/nscc23.html]
[www.tourismexperience.org/experiential-tourism.html]
[www.tourismexperience.org/experiential-tourism.html]
[www.tourismexperience.org/resources-hub.html]
[www.tourismexperience.org/resources-hub.html]
[www.tourismexperience.org/regions.html]
[www.tourismexperience.org/regions.html]
[www.tourismexperience.org/about-experience.html]
[www.tourismexperience.org/about-experience.html]
[www.tourismexperience.org/index.html]
[www.tourismexperience.org/index.html]
[www.tourismexperience.org/-/media/eu-experience/separate-en-fr-images/logos/explogo.png]
[www.tourismexperience.org/search.html]
[www.tourismexperience.org/search.html]
[www.tourismexperience.org/Content/Sites/euexperience/img/uk-flag.png]
[www.tourismexperience.org/Content/Sites/euexperience/img/france-flag.png]
[www.tourismexperience.org/news.html]
[www.tourismexperience.org/news.html]
[www.tourismexperience.org/partners.html]
[www.tourismexperience.org/partners.html]
[www.tourismexperience.org/contact.html]
[www.tourismexperience.org/contact.html]
[www.tourismexperience.org/-/media/eu-experience/unversioned-images/adobe-stock-images/stage-unversioned/stage-image-1920x980.jpg]
[www.tourismexperience.org/-/media/eu-experience/unversioned-images/adobe-stock-images/backgrounds/boots-bg.jpg]
[www.tourismexperience.org/-/media/eu-experience/unversioned-images/regions/brittany/pp8-mxt/brittany-carantec2020alamoureuxmg0433720x480jpg.jpg]
[www.compiegne-pierrefonds.fr/experiences/index.html]
[www.compiegne-pierrefonds.fr/wp-content/uploads/2022/11/compiegne-pierrefonds-scaled.jpg]
[www.compiegne-pierrefonds.fr/wp-content/plugins/gtranslate/gtranslate-style247404.css]
[www.compiegne-pierrefonds.fr/wp-content/uploads/2022/09/compiegne-favicon-16x16.png]
[www.compiegne-pierrefonds.fr/wp-content/uploads/2022/09/compiegne-favicon-32x32.png]
[www.compiegne-pierrefonds.fr/wp-content/uploads/2022/09/compiegne-favicon-96x96.png]
[www.compiegne-pierrefonds.fr/wp-content/uploads/2022/09/compiegne-favicon-192x192.png]
[www.compiegne-pierrefonds.fr/wp-content/themes/compiegne/assets/dist/style-1697098803.css]
[matomo.dev-thuria.com/js/container_ScZ34uT0.js]
[www.googletagmanager.com/ns2a34.html]
[www.compiegne-pierrefonds.fr/wp-content/uploads/2022/12/logo-compiegne-colored2x-196x80.png]
[www.compiegne-pierrefonds.fr/wp-content/uploads/2022/12/logo-compiegne-big2x-196x80.png]
[www.compiegne-pierrefonds.fr/wp-content/uploads/2022/10/guide-des-decouvertes-22-1-160x210.png]
[www.compiegne-pierrefonds.fr/wp-content/uploads/2022/11/2022-depliant-touristique-francais-1-160x210-1667556452.png]
[www.compiegne-pierrefonds.fr/wp-content/uploads/2022/10/cartetouristique-oise-2022-2-160x210.png]
[www.compiegne-pierrefonds.fr/wp-content/uploads/2022/08/logo-0x58.png]
[www.compiegne-pierrefonds.fr/wp-content/uploads/2022/11/arc-logo-0x58.png]
[www.compiegne-pierrefonds.fr/wp-content/uploads/2022/02/logo-footer-6-0x58.png]
[www.compiegne-pierrefonds.fr/wp-content/uploads/2022/02/logo-footer-9-0x58.png]
[www.compiegne-pierrefonds.fr/wp-content/uploads/2022/11/apc-logo-0x58.jpg]
[www.compiegne-pierrefonds.fr/wp-content/uploads/2022/02/logo-footer-10-0x58.png]
[www.compiegne-pierrefonds.fr/wp-content/uploads/2022/11/oise-tourisme-logo-0x58.png]
[www.compiegne-pierrefonds.fr/wp-content/uploads/2022/02/logo-footer-5-0x58.png]
[www.compiegne-pierrefonds.fr/wp-content/uploads/2022/02/logo-footer-4-0x58.png]
[www.compiegne-pierrefonds.fr/wp-content/uploads/2023/03/experience-logo-small-0x120.png]
[www.compiegne-pierrefonds.fr/wp-content/uploads/2023/01/n1a9202-350x470.jpg]
[www.compiegne-pierrefonds.fr/wp-content/uploads/2023/01/x-renoux-20-05-pierrefonds-1102-hd-350x470-1674141363.jpg]
[www.compiegne-pierrefonds.fr/wp-content/uploads/2023/05/n1a8876-350x470.jpg]
[www.compiegne-pierrefonds.fr/wp-content/uploads/2023/01/n1a5889-350x470-1674138839.jpg]
[www.compiegne-pierrefonds.fr/wp-content/uploads/2022/10/foret-groupe-amis-resonnance-film-2-350x470-1685527121.jpg]
[www.compiegne-pierrefonds.fr/wp-content/uploads/2023/01/fra-60-sejournez-resonnance-films-002-350x470-1674129653.jpg]
[www.compiegne-pierrefonds.fr/wp-content/uploads/2023/01/n1a8539-350x470-1674129786.jpg]
[www.compiegne-pierrefonds.fr/wp-content/uploads/2023/03/n1a9436-350x470.jpg]
[www.compiegne-pierrefonds.fr/wp-content/uploads/2022/12/n1a0374-350x470.jpg]
[www.compiegne-pierrefonds.fr/wp-content/uploads/2023/01/n1a9059-350x470.jpg]
[www.compiegne-pierrefonds.fr/wp-content/uploads/2023/01/n1a9003-350x470.jpg]
[www.compiegne-pierrefonds.fr/wp-content/uploads/2023/01/n1a5537-350x470-1674137078.jpg]
[www.compiegne-pierrefonds.fr/wp-content/uploads/2023/01/n1a91501-350x470.jpg]
[www.compiegne-pierrefonds.fr/wp-content/uploads/2023/01/n1a7581-350x470.jpg]
[www.compiegne-pierrefonds.fr/wp-content/uploads/2022/10/imaginarium-festival-2018-jonathan-coelho-arc-350x470-1674143434.jpg]
[www.compiegne-pierrefonds.fr/wp-content/uploads/2022/10/verre-en-terrasse-groupe-amis-resonnance-film-9-350x470-1682431157.jpg]
[www.compiegne-pierrefonds.fr/wp-content/uploads/2023/02/n1a7212-350x470.jpg]
[www.compiegne-pierrefonds.fr/wp-content/uploads/2023/10/n1a9240-350x470.jpg]
[www.compiegne-pierrefonds.fr/wp-content/uploads/2023/01/n1a8402-350x470-1674136496.jpg]
[www.compiegne-pierrefonds.fr/wp-content/uploads/2022/10/office-de-tourisme-de-compiegne-edouard-bernaux-arc-2-350x470.jpg]
[www.compiegne-pierrefonds.fr/wp-content/uploads/2022/10/train-hpgruesen-pixabay-350x470.jpg]
[www.compiegne-pierrefonds.fr/wp-content/uploads/2022/10/fra-60-foret-etiennemarin-4-jpg-350x470.jpg]
[www.compiegne-pierrefonds.fr/wp-content/themes/compiegne/assets/dist/main-1706602006.min.js]
[www.compiegne-pierrefonds.fr/experiences/index.html]
[www.tourismexperience.org/-/media/eu-experience/unversioned-images/regions/compiegne/pp12-onf/compiegnecopyright_jeanguy_hallo_stpierre_ponds_site.jpg]
[www.tourismexperience.org/-/media/eu-experience/unversioned-images/regions/pas-de-calais/pp4-pdct/photo-flament-fraises-de-samer-la-ferme-de-bellozanne-maxime-et-adeline-vasseur-producteurs9061720x4.jpg]
[www.tourismexperience.org/-/media/eu-experience/unversioned-images/regions/kent/kentds8984-astronomers--bonfire720x480.jpg]
[www.tourismexperience.org/sustainable-tourism.html]
[www.tourismexperience.org/sustainable-tourism.html]
[www.tourismexperience.org/-/media/eu-experience/unversioned-images/adobe-stock-images/backgrounds/chestnut-bg.jpg]
[www.tourismexperience.org/-/media/eu-experience/separate-en-fr-images/map/norfolkimg.jpg]
[www.tourismexperience.org/regions/norfolk.html]
[www.tourismexperience.org/regions/norfolk.html]
[www.tourismexperience.org/-/media/eu-experience/separate-en-fr-images/logos/footer-eu-logo.png]
[www.tourismexperience.org/-/media/eu-experience/separate-en-fr-images/logos/footer-interreg-logo.png]
[www.tourismexperience.org/Content/Sites/euexperience/img/logos/logo_eg.png]
[www.tourismexperience.org/Content/Sites/euexperience/img/logos/kent-county-council.png]
[www.tourismexperience.org/Content/Sites/euexperience/img/logos/visit-kent.png]
[www.tourismexperience.org/Content/Sites/euexperience/img/logos/university-of-surrey.png]
[www.tourismexperience.org/Content/Sites/euexperience/img/logos/cornwall-council.png]
[www.tourismexperience.org/Content/Sites/euexperience/img/logos/we-are-cycling.png]
[www.tourismexperience.org/Content/Sites/euexperience/img/logos/pas-de-calais.png]
[www.tourismexperience.org/Content/Sites/euexperience/img/logos/calais-dept.png]
[www.tourismexperience.org/Content/Sites/euexperience/img/logos/arc.png]
[www.tourismexperience.org/Content/Sites/euexperience/img/logos/cad.png]
[www.tourismexperience.org/Content/Sites/euexperience/img/logos/baie-de-morlaix.png]
[www.tourismexperience.org/Content/Sites/euexperience/img/logos/office-des-forets.png]
[www.tourismexperience.org/Content/Sites/euexperience/img/logos/morlaix-communaute.png]
[www.tourismexperience.org/Content/Sites/euexperience/img/logos/brittany-ferries.png]
[www.tourismexperience.org/bundles/euexperience/js88dfhtml.html]
[www.compiegne-pierrefonds.fr/en/experiences/index.html]
[www.compiegne-pierrefonds.fr/en/experiences/index.html]
[www.tourismexperience.org/content/sites/euexperience/img/stageback.png]
[www.tourismexperience.org/-/media/eu-experience/unversioned-images/adobe-stock-images/backgrounds/leaf-bg.jpg]
[www.tourismexperience.org/-/media/eu-experience/unversioned-images/regions/brittany/pp8-mxt/brittany-plougasnou5919720x480.jpg]
[www.tourismexperience.org/resources-hub/best-practice-guide.html]
[www.tourismexperience.org/resources-hub/best-practice-guide.html]
[www.tourismexperience.org/resources-hub/regional-evaluation-reports.html]
[www.tourismexperience.org/resources-hub/regional-evaluation-reports.html]
[www.tourismexperience.org/resources-hub/regional-marketing-reports.html]
[www.tourismexperience.org/resources-hub/regional-marketing-reports.html]
[www.tourismexperience.org/-/media/eu-experience/unversioned-images/resources-hub/case-study-fit.jpg]
[www.tourismexperience.org/-/media/eu-experience/unversioned-images/resources-hub/chapter-pics/chapter-1-gc-xs.jpg]
[www.tourismexperience.org/resources-hub/what-is-experiential-tourism.html]
[www.tourismexperience.org/resources-hub/what-is-experiential-tourism.html]
[www.tourismexperience.org/-/media/eu-experience/unversioned-images/resources-hub/chapter-pics/chapter-2-gc-xs.jpg]
[www.tourismexperience.org/resources-hub/different-seasons-different-markets.html]
[www.tourismexperience.org/resources-hub/different-seasons-different-markets.html]
[www.tourismexperience.org/-/media/eu-experience/unversioned-images/resources-hub/chapter-pics/chapter-3-gc-xs.jpg]
[www.tourismexperience.org/resources-hub/what-is-special-about-your-offer-in-the-low-season.html]
[www.tourismexperience.org/resources-hub/what-is-special-about-your-offer-in-the-low-season.html]
[www.tourismexperience.org/-/media/eu-experience/unversioned-images/resources-hub/chapter-pics/chapter-4-gc-xs.jpg]
[www.tourismexperience.org/resources-hub/creating-innovative-experiences.html]
[www.tourismexperience.org/resources-hub/creating-innovative-experiences.html]
[www.tourismexperience.org/-/media/eu-experience/unversioned-images/resources-hub/chapter-pics/chapter-5-gc-xs.jpg]
[www.tourismexperience.org/resources-hub/marketing-and-storytelling.html]
[www.tourismexperience.org/resources-hub/marketing-and-storytelling.html]
[www.tourismexperience.org/-/media/eu-experience/unversioned-images/resources-hub/chapter-pics/chapter-6-gc-xs.jpg]
[www.tourismexperience.org/resources-hub/benefits-of-experiential-tourism.html]
[www.tourismexperience.org/resources-hub/benefits-of-experiential-tourism.html]
[www.tourismexperience.org/-/media/eu-experience/unversioned-images/adobe-stock-images/backgrounds/falling-leaves-1080x1080.jpg]
[www.tourismexperience.org/-/media/eu-experience/unversioned-images/adobe-stock-images/norfolk-coastal_path_-mundesley-720x480.jpg]
[www.tourismexperience.org/-/media/eu-experience/unversioned-images/adobe-stock-images/kent-ford-720x480.jpg]
[www.tourismexperience.org/regions/kent.html]
[www.tourismexperience.org/regions/kent.html]
[www.tourismexperience.org/-/media/eu-experience/unversioned-images/regions/regions-gallery-homepage-and-map-destination/brittany-ilecallotcarantec720x480.jpg]
[www.tourismexperience.org/regions/brittany.html]
[www.tourismexperience.org/regions/brittany.html]
[www.tourismexperience.org/-/media/eu-experience/unversioned-images/adobe-stock-images/cornwall-st-michaels-mount-720x480.jpg]
[www.tourismexperience.org/regions/cornwall.html]
[www.tourismexperience.org/regions/cornwall.html]
[www.tourismexperience.org/-/media/eu-experience/unversioned-images/adobe-stock-images/pas_de_calais1-church-720x480.jpg]
[www.tourismexperience.org/regions/pas-de-calais.html]
[www.tourismexperience.org/regions/pas-de-calais.html]
[www.tourismexperience.org/-/media/eu-experience/unversioned-images/adobe-stock-images/compiegne-forest-720x480.jpg]
[www.tourismexperience.org/regions/compiegne.html]
[www.tourismexperience.org/regions/compiegne.html]
[www.tourismexperience.org/news/2023/03/experience-project-closing-conference.html]
[www.tourismexperience.org/news/2023/03/experience-project-closing-conference.html]
[www.tourismexperience.org/-/media/eu-experience/unversioned-images/news/prince720450en.png]
[www.tourismexperience.org/news/2023/01/celebration-of-the-forest-of-compiegne.html]
[www.tourismexperience.org/news/2023/01/celebration-of-the-forest-of-compiegne.html]
[www.tourismexperience.org/-/media/eu-experience/unversioned-images/news/compiegne-horses.jpg]
[www.tourismexperience.org/news/2022/05/the-forest-of-compiegne.html]
[www.tourismexperience.org/news/2022/05/the-forest-of-compiegne.html]
[www.tourismexperience.org/-/media/eu-experience/unversioned-images/news/britferry_fit.jpg]
[www.tourismexperience.org/news/2022/06/voyage-par-la-mer.html]
[www.tourismexperience.org/news/2022/06/voyage-par-la-mer.html]
[www.tourismexperience.org/-/media/eu-experience/unversioned-images/news/cornwallarttrail.jpg]
[www.tourismexperience.org/news/2022/03/mounts-bay-arts-trail.html]
[www.tourismexperience.org/news/2022/03/mounts-bay-arts-trail.html]
[www.tourismexperience.org/-/media/eu-experience/unversioned-images/news/castle-projection-fit.jpg]
[www.tourismexperience.org/news/2022/01/love-light-festival.html]
[www.tourismexperience.org/news/2022/01/love-light-festival.html]
[www.tourismexperience.org/-/media/eu-experience/unversioned-images/news/feb-2022-workshops.jpg]
[www.tourismexperience.org/news/2022/01/distribution-and-target-market-workshops.html]
[www.tourismexperience.org/news/2022/01/distribution-and-target-market-workshops.html]
[www.tourismexperience.org/-/media/eu-experience/unversioned-images/news/wkw-small.jpg]
[www.tourismexperience.org/news/2021/11/new-cycling-challenge-in-cornwall.html]
[www.tourismexperience.org/news/2021/11/new-cycling-challenge-in-cornwall.html]
[www.tourismexperience.org/-/media/eu-experience/unversioned-images/news/diss-mere.jpg]
[www.tourismexperience.org/news/2021/10/the-norfolk-way-art-trail.html]
[www.tourismexperience.org/news/2021/10/the-norfolk-way-art-trail.html]
[www.tourismexperience.org/-/media/eu-experience/unversioned-images/news/uos-training.jpg]
[www.tourismexperience.org/news/2021/09/designing-and-marketing-tourism-experiences.html]
[www.tourismexperience.org/news/2021/09/designing-and-marketing-tourism-experiences.html]
[www.tourismexperience.org/-/media/eu-experience/unversioned-images/news/north-downs-way-2.jpg]
[www.tourismexperience.org/news/2021/09/north-downs-way-ambassadors.html]
[www.tourismexperience.org/news/2021/09/north-downs-way-ambassadors.html]
[www.tourismexperience.org/-/media/eu-experience/unversioned-images/news/intro-fit.jpg]
[www.tourismexperience.org/news/2021/07/workshop.html]
[www.tourismexperience.org/news/2021/07/workshop.html]
[www.tourismexperience.org/-/media/eu-experience/unversioned-images/news/pp11-cycling-uk-in-kent-2-petercornish_northdownsway.jpg]
[www.tourismexperience.org/news/2021/05/cycling-uk-launches-excellence-mark.html]
[www.tourismexperience.org/news/2021/05/cycling-uk-launches-excellence-mark.html]
[www.tourismexperience.org/-/media/eu-experience/unversioned-images/news/bicycle-pic-from-pexels-720x480.jpg]
[www.tourismexperience.org/news/2021/05/national-uk-press-coverage-for-experience.html]
[www.tourismexperience.org/news/2021/05/national-uk-press-coverage-for-experience.html]
[www.tourismexperience.org/-/media/eu-experience/unversioned-images/regions/norfolk/nflk-experience--pink-ftd-geese-holkham-2720x480jpg.jpg]
[www.tourismexperience.org/news/2021/04/how-can-experience-benefit-your-organisation.html]
[www.tourismexperience.org/news/2021/04/how-can-experience-benefit-your-organisation.html]
[www.tourismexperience.org/-/media/eu-experience/unversioned-images/regions/compiegne/pp6-arc/foretdecompiegnejpgilson7720x480jpg.jpg]
[www.tourismexperience.org/news/2021/04/enticing-visitors-out-of-a-capital-city.html]
[www.tourismexperience.org/news/2021/04/enticing-visitors-out-of-a-capital-city.html]
[www.tourismexperience.org/-/media/eu-experience/unversioned-images/news/ile-noire-lighthouse.jpg]
[www.tourismexperience.org/news/2021/04/fancy-a-night-stormwatching-from-an-island-lighthouse.html]
[www.tourismexperience.org/news/2021/04/fancy-a-night-stormwatching-from-an-island-lighthouse.html]
[www.tourismexperience.org/-/media/eu-experience/unversioned-images/regions/kent/kent-exp--etchinghill--picnic-views720x480.jpg]
[www.tourismexperience.org/news/2021/04/covid-and-travel-trends-visit-kent.html]
[www.tourismexperience.org/news/2021/04/covid-and-travel-trends-visit-kent.html]
[www.tourismexperience.org/-/media/eu-experience/unversioned-images/adobe-stock-images/backgrounds/autumn-leaves.jpg]
[www.tourismexperience.org/-/media/eu-experience/separate-en-fr-images/logos/partner-logos/150x150/ncc-logo.png]
[www.tourismexperience.org/-/media/eu-experience/separate-en-fr-images/logos/partner-logos/150x150/logo-arc_150x150.jpg]
[www.tourismexperience.org/-/media/eu-experience/separate-en-fr-images/logos/partner-logos/150x150/baie-de-morlaix.png]
[www.tourismexperience.org/-/media/eu-experience/separate-en-fr-images/logos/partner-logos/150x150/brittany-ferries.png]
[www.tourismexperience.org/-/media/eu-experience/separate-en-fr-images/logos/partner-logos/150x150/cad.png]
[www.tourismexperience.org/-/media/eu-experience/separate-en-fr-images/logos/partner-logos/150x150/cornwall-council.png]
[www.tourismexperience.org/-/media/eu-experience/separate-en-fr-images/logos/partner-logos/150x150/we-are-cycling.png]
[www.tourismexperience.org/-/media/eu-experience/separate-en-fr-images/logos/partner-logos/150x150/calais-dept.png]
[www.tourismexperience.org/-/media/eu-experience/separate-en-fr-images/logos/partner-logos/150x150/kent-county-council.png]
[www.tourismexperience.org/-/media/eu-experience/separate-en-fr-images/logos/partner-logos/150x150/morlaix-communaute.png]
[www.tourismexperience.org/-/media/eu-experience/separate-en-fr-images/logos/partner-logos/150x150/office-des-forets.png]
[www.tourismexperience.org/-/media/eu-experience/separate-en-fr-images/logos/partner-logos/150x150/pas-de-calais.png]
[www.tourismexperience.org/-/media/eu-experience/separate-en-fr-images/logos/partner-logos/150x150/university-of-surrey.png]
[www.tourismexperience.org/-/media/eu-experience/separate-en-fr-images/logos/partner-logos/150x150/visit-kent.png]
[www.tourismexperience.org/-/media/eu-experience/separate-en-fr-images/logos/eu-erdf-logo-large.png]
[www.compiegne-pierrefonds.fr/experiences/feed/index.html]
[www.compiegne-pierrefonds.fr/wp-content/plugins/gtranslate/24.png]
[www.compiegne-pierrefonds.fr/wp-content/plugins/gtranslate/24a.png]
[www.compiegne-pierrefonds.fr/wp-content/plugins/gtranslate/alt_flags.png]
[www.compiegne-pierrefonds.fr/wp-content/plugins/gtranslate/alt_flagsa.png]
[www.compiegne-pierrefonds.fr/wp-content/plugins/gtranslate/gtranslate-style247404.css]
[www.compiegne-pierrefonds.fr/wp-content/themes/compiegne/assets/dist/images/layers.11b.delayed]
[www.compiegne-pierrefonds.fr/wp-content/themes/compiegne/assets/dist/images/layers-2x.11c.delayed]
[www.compiegne-pierrefonds.fr/wp-content/themes/compiegne/assets/dist/images/marker-icon.11d.delayed]
[www.compiegne-pierrefonds.fr/wp-content/themes/compiegne/assets/images/ajax_loader.11e.delayed]
[www.compiegne-pierrefonds.fr/wp-content/themes/compiegne/assets/images/deco/carte-inte-over.png]
[www.compiegne-pierrefonds.fr/wp-content/themes/compiegne/assets/images/deco/newsletter_frise.png]
[www.compiegne-pierrefonds.fr/wp-content/themes/compiegne/assets/dist/style-1697098803.css]
[www.googletagmanager.com/ns2a34.html]
[www.compiegne-pierrefonds.fr/wp-content/uploads/2022/12/logo-compiegne-colored2x-196x80.png]
[www.compiegne-pierrefonds.fr/experiences/yoga-et-meditation-a-compiegne-pierrefonds/index.html]
[www.compiegne-pierrefonds.fr/wp-content/uploads/2022/10/musee-du-cloitre-saint-corneille-arc-2-510x595.jpg]
[www.compiegne-pierrefonds.fr/wp-content/uploads/2023/11/x-renoux-20-05-pierrefonds-0096-hd-510x595.jpg]
[www.compiegne-pierrefonds.fr/wp-content/uploads/instagram/f00dc53d81becc988793f1154f07b17a-426642652_329986333366333_7445526067800367231_n-300x300.jpg]
[www.compiegne-pierrefonds.fr/wp-content/uploads/instagram/014329bd7caa03d98735bf3b3dd13d11-428009728_333041746394125_1007854792524754086_n-300x300.jpg]
[www.compiegne-pierrefonds.fr/wp-content/uploads/instagram/e1628ccdcafcb143b0ade78ba0105d46-426709800_329964240035209_4064563926736985673_n-300x300.jpg]
[www.compiegne-pierrefonds.fr/wp-content/uploads/instagram/6adc4e6e5594598ae87d408698b41286-423225363_323061374058829_6153827758491193377_n-300x300.jpg]
[www.compiegne-pierrefonds.fr/wp-content/uploads/instagram/87d1c3a29aff29fed4078a5562569cda-421283087_318576031174030_9021425282924638021_n-300x300.jpg]
[www.compiegne-pierrefonds.fr/wp-content/uploads/instagram/792593df58b4315fff84e22b610c023f-420000057_314283694936597_1289771746203041277_n-300x300.jpg]
[www.compiegne-pierrefonds.fr/wp-content/uploads/instagram/243947b9aea33a653b50e313d5c5b4e9-418990961_311368735228093_6296746250906967988_n-300x300.jpg]
[www.compiegne-pierrefonds.fr/experiences/yoga-et-meditation-a-compiegne-pierrefonds/index.html]
[www.compiegne-pierrefonds.fr/experiences/escape-game-et-chasse-au-tresor/index.html]
[www.compiegne-pierrefonds.fr/wp-content/uploads/2023/10/n1a9234-510x595-1697448939.jpg]
[www.compiegne-pierrefonds.fr/wp-content/uploads/2023/05/42-510x595.jpg]
[www.compiegne-pierrefonds.fr/wp-content/uploads/2022/10/pistes-cyclables-edouard-bernaux-arc-2-380x513.jpg]
[www.compiegne-pierrefonds.fr/wp-content/uploads/2022/10/la-scandiberique-un-monde-a-velo-oise-tourisme-5-700x440.jpg]
[www.compiegne-pierrefonds.fr/wp-content/uploads/instagram/461ad5bab32be5aa4f058d27553d05f3-423225363_323061374058829_6153827758491193377_n-300x300.jpg]
[www.compiegne-pierrefonds.fr/wp-content/uploads/instagram/f7a2c5219c121089eb809b7686e6d565-418990961_311368735228093_6296746250906967988_n-300x300.jpg]
[www.compiegne-pierrefonds.fr/experiences/escape-game-et-chasse-au-tresor/index.html]
[www.compiegne-pierrefonds.fr/experiences/la-peche-en-etang/index.html]
[www.compiegne-pierrefonds.fr/wp-content/uploads/2022/10/foret-de-compiegne-richard-dugovic-arc-6-510x595.jpg]
[www.compiegne-pierrefonds.fr/wp-content/uploads/2023/02/fra-60-saint-etienne-rolaye-gilgiuglio-5698-510x595.jpg]
[www.compiegne-pierrefonds.fr/wp-content/uploads/2022/10/peche-groupe-amis-resonnance-film-11-510x380.jpg]
[www.compiegne-pierrefonds.fr/wp-content/uploads/2022/10/peche-groupe-amis-resonnance-film-16-370x276.jpg]
[www.compiegne-pierrefonds.fr/wp-content/uploads/2022/10/peche-groupe-amis-resonnance-film-9-370x276.jpg]
[www.compiegne-pierrefonds.fr/wp-content/uploads/2022/10/peche-groupe-amis-resonnance-film-18-510x380.jpg]
[www.compiegne-pierrefonds.fr/experiences/la-peche-en-etang/index.html]
[www.compiegne-pierrefonds.fr/experiences/autour-du-cheval/index.html]
[www.compiegne-pierrefonds.fr/wp-content/uploads/2023/05/n1a6938-1080x640.jpg]
[www.compiegne-pierrefonds.fr/wp-content/uploads/2023/05/n1a6991-1080x640.jpg]
[www.compiegne-pierrefonds.fr/wp-content/uploads/2023/05/n1a6845-1080x640.jpg]
[www.compiegne-pierrefonds.fr/wp-content/uploads/2023/05/carriageforestcoupleresonancefilmsg-chac-510x380.jpg]
[www.compiegne-pierrefonds.fr/wp-content/uploads/2023/05/n1a7084-370x276.jpg]
[www.compiegne-pierrefonds.fr/wp-content/uploads/2023/05/n1a9828-370x276.jpg]
[www.compiegne-pierrefonds.fr/wp-content/uploads/2022/10/balade-en-henson-xavier-renoux-oise-tourisme-7-510x380.jpg]
[www.compiegne-pierrefonds.fr/wp-content/uploads/2022/10/chateau-de-compiegne-exterieur-parc-valeur-image-production-oise-tourisme-6-510x595.jpg]
[www.compiegne-pierrefonds.fr/wp-content/uploads/external/5a6bb35d7691b073480ec041590a558c-Promenade-en-Henson---Edouard-Bernaux-2-350x278.jpg]
[www.compiegne-pierrefonds.fr/wp-content/uploads/external/9947f75b8b2dd0564412e37f7e54dbd2-Ferme-de-la-Bouriquette-Logo-2022-350x278.jpg]
[www.compiegne-pierrefonds.fr/wp-content/uploads/external/9725ba86a9b552907187101514463883-equitation-6-350x278.jpg]
[www.compiegne-pierrefonds.fr/experiences/autour-du-cheval/index.html]
[www.compiegne-pierrefonds.fr/experiences/ateliers-et-stages-dartisanat/index.html]
[www.compiegne-pierrefonds.fr/wp-content/uploads/2023/05/194430678-173846891413694-6269386375229668268-n-1080x640.jpg]
[www.compiegne-pierrefonds.fr/wp-content/uploads/2023/05/accueil-700-1080x640.jpg]
[www.compiegne-pierrefonds.fr/wp-content/uploads/2023/05/106777035-2608762162717196-8981848080594836823-n-1080x640.jpg]
[www.compiegne-pierrefonds.fr/wp-content/uploads/2023/05/345262245-1298861677372342-1508754012080839642-n-1080x640.jpg]
[www.compiegne-pierrefonds.fr/wp-content/uploads/2023/05/342696719-202869315833383-6464208210495418805-n-1080x640.jpg]
[www.compiegne-pierrefonds.fr/wp-content/uploads/2023/05/342993178-910671816890486-1428041052881347978-n-1080x640.jpg]
[www.compiegne-pierrefonds.fr/wp-content/uploads/2023/05/alba-laine-11-510x595.jpg]
[www.compiegne-pierrefonds.fr/wp-content/uploads/2023/05/26022022-dsc6859-2-510x595.jpg]
[www.compiegne-pierrefonds.fr/wp-content/uploads/external/9fe47c7276caef3b8632d214ab2c0bb2-Pascale-3-350x278.jpg]
[www.compiegne-pierrefonds.fr/wp-content/uploads/external/e51fe662df8f15b37c286403deedc919-Alba-Laine-11-350x278.jpg]
[www.compiegne-pierrefonds.fr/wp-content/uploads/external/885ec6c8905a309f74cd9c0960d1f33f-261002747-4928167823883636-9004779645543512446-n-350x278.jpg]
[www.compiegne-pierrefonds.fr/wp-content/uploads/2022/11/montgolfiere-0004-oise-montgolfiere-350x470.jpg]
[www.compiegne-pierrefonds.fr/wp-content/uploads/2022/10/dsc04766-350x470.jpg]
[www.compiegne-pierrefonds.fr/wp-content/uploads/2022/10/foret-de-compiegne-philippe-lobgeois-oise-tourisme-350x470.jpg]
[www.compiegne-pierrefonds.fr/experiences/ateliers-et-stages-dartisanat/index.html]
[www.compiegne-pierrefonds.fr/experiences/specialites-locales-a-savourer/index.html]
[www.compiegne-pierrefonds.fr/wp-content/uploads/2022/10/savoir-faire-les-picantins-oise-tourisme-1-510x595.jpg]
[www.compiegne-pierrefonds.fr/wp-content/uploads/2023/05/les-machicoulis-de-pierrefonds-3-510x595-1683022906.jpg]
[www.compiegne-pierrefonds.fr/wp-content/uploads/2022/10/savoir-faire-chocolaterie-lachelle-anne-sophie-flament-oise-tourisme-1-510x595-1689777316.jpg]
[www.compiegne-pierrefonds.fr/wp-content/uploads/2023/05/attichy-la-pierre-qui-tourne-1080x640.jpg]
[www.compiegne-pierrefonds.fr/wp-content/uploads/2023/05/la-pierre-qui-tourne-credit-photo-la-pierre-qui-tourne-1080x640.jpg]
[www.compiegne-pierrefonds.fr/wp-content/uploads/2023/05/la-pierre-qui-tourne-2-credit-photo-la-pierre-qui-tourne-1080x640.jpg]
[www.compiegne-pierrefonds.fr/wp-content/uploads/2022/10/petite-brasserie-picarde-groupe-amis-resonnance-film-18-510x380.jpg]
[www.compiegne-pierrefonds.fr/wp-content/uploads/2022/10/petite-brasserie-picarde-groupe-amis-resonnance-film-12-370x276.jpg]
[www.compiegne-pierrefonds.fr/wp-content/uploads/2022/10/petite-brasserie-picarde-groupe-amis-resonnance-film-15-370x276.jpg]
[www.compiegne-pierrefonds.fr/experiences/specialites-locales-a-savourer/index.html]
[www.compiegne-pierrefonds.fr/wp-content/uploads/2022/10/petite-brasserie-picarde-groupe-amis-resonnance-film-24-510x380.jpg]
[www.compiegne-pierrefonds.fr/experiences/vols-en-montgolfieres/index.html]
[www.compiegne-pierrefonds.fr/wp-content/uploads/2022/11/pierrefonds-oise-montgolfiere-510x380.jpg]
[www.compiegne-pierrefonds.fr/wp-content/uploads/2022/12/pexels-pixabay-207112-370x276.jpg]
[www.compiegne-pierrefonds.fr/wp-content/uploads/2022/12/pexels-shvets-anna-2563596-370x276.jpg]
[www.compiegne-pierrefonds.fr/wp-content/uploads/2022/11/montgolfiere-0004-oise-montgolfiere-510x380.jpg]
[www.compiegne-pierrefonds.fr/experiences/vols-en-montgolfieres/index.html]
[www.compiegne-pierrefonds.fr/experiences/saerer-en-foret/index.html]
[www.compiegne-pierrefonds.fr/wp-content/uploads/2022/10/fra-60-foret-etiennemarin-1-jpg-510x595.jpg]
[www.compiegne-pierrefonds.fr/wp-content/uploads/2022/10/bain-de-foret-musical-choisy-au-bac-xavier-renoux-6-1080x0.jpg]
[www.compiegne-pierrefonds.fr/experiences/saerer-en-foret/index.html]
[www.compiegne-pierrefonds.fr/experiences/imperiales-visites-guindees/index.html]
[www.compiegne-pierrefonds.fr/wp-content/uploads/2022/10/visite-theatralisee-arc-6-510x595.jpg]
[www.compiegne-pierrefonds.fr/wp-content/uploads/2022/10/visite-theatralisee-prevost-13-510x595-1666684287.jpg]
[www.compiegne-pierrefonds.fr/experiences/imperiales-visites-guindees/index.html]
[www.compiegne-pierrefonds.fr/experiences/bains-de-forets-musicaux/index.html]
[www.compiegne-pierrefonds.fr/wp-content/uploads/2022/10/bain-de-foret-musical-choisy-au-bac-xavier-renoux-4-510x380.jpg]
[www.compiegne-pierrefonds.fr/wp-content/uploads/2022/10/sylvotherapie-xavier-renoux-oise-tourisme-2-370x276.jpg]
[www.compiegne-pierrefonds.fr/wp-content/uploads/2022/10/bain-de-foret-musical-choisy-au-bac-xavier-renoux-3-370x276.jpg]
[www.compiegne-pierrefonds.fr/wp-content/uploads/2022/10/bain-de-foret-musical-choisy-au-bac-xavier-renoux-2-510x380.jpg]
[www.compiegne-pierrefonds.fr/experiences/bains-de-forets-musicaux/index.html]
[www.tourismexperience.org/-/media/eu-experience/unversioned-images/regions/norfolk/nflk-fish-and-chips-and-mussels-at-the-vic-holkham8720x480.jpg]
[www.tourismexperience.org/-/media/eu-experience/unversioned-images/regions/norfolk/nflk-experience-horsey-winteron-dunes-and-seals3720x480.jpg]
[www.tourismexperience.org/-/media/eu-experience/unversioned-images/regions/norfolk/nflk-apples-1-of-14720x480.jpg]
[www.tourismexperience.org/-/media/eu-experience/unversioned-images/regions/norfolk/nflk-lighthouse-night-sky-01720x480.jpg]
[www.tourismexperience.org/-/media/eu-experience/unversioned-images/regions/norfolk/nflk-experience--mysabar7720x480.jpg]
[www.tourismexperience.org/-/media/eu-experience/unversioned-images/regions/norfolk/nflk-pumpkin-1-of-122720x480.jpg]
[www.tourismexperience.org/-/media/eu-experience/unversioned-images/regions/norfolk/nflk-river-bure-1-of-111720x480.jpg]
[www.tourismexperience.org/-/media/eu-experience/unversioned-images/regions/norfolk/nflk-snowy-walk-06jan21720x480.jpg]
[www.compiegne-pierrefonds.fr/en/experiences/yoga-and-meditation-in-compiegne-pierrefonds/index.html]
[www.compiegne-pierrefonds.fr/en/experiences/yoga-and-meditation-in-compiegne-pierrefonds/index.html]
[www.compiegne-pierrefonds.fr/en/experiences/escape-game-and-treasure-hunt/index.html]
[www.compiegne-pierrefonds.fr/en/experiences/escape-game-and-treasure-hunt/index.html]
[www.compiegne-pierrefonds.fr/en/experiences/fishing-in-the-pond/index.html]
[www.compiegne-pierrefonds.fr/en/experiences/fishing-in-the-pond/index.html]
[www.compiegne-pierrefonds.fr/en/experiences/around-the-horse/index.html]
[www.compiegne-pierrefonds.fr/en/experiences/around-the-horse/index.html]
[www.compiegne-pierrefonds.fr/en/experiences/craft-workshops-and-courses/index.html]
[www.compiegne-pierrefonds.fr/en/experiences/craft-workshops-and-courses/index.html]
[www.compiegne-pierrefonds.fr/en/experiences/local-specialties-to-savor/index.html]
[www.compiegne-pierrefonds.fr/en/experiences/local-specialties-to-savor/index.html]
[www.compiegne-pierrefonds.fr/en/experiences/hot-air-balloon-flights/index.html]
[www.compiegne-pierrefonds.fr/en/experiences/hot-air-balloon-flights/index.html]
[www.compiegne-pierrefonds.fr/en/experiences/saer-in-the-forest/index.html]
[www.compiegne-pierrefonds.fr/en/experiences/saer-in-the-forest/index.html]
[www.compiegne-pierrefonds.fr/en/experiences/imperial-tours-guindees/index.html]
[www.compiegne-pierrefonds.fr/en/experiences/imperial-tours-guindees/index.html]
[www.compiegne-pierrefonds.fr/en/experiences/musical-forest-baths/index.html]
[www.compiegne-pierrefonds.fr/en/experiences/musical-forest-baths/index.html]
[www.tourismexperience.org/-/media/eu-experience/downloads/final-reports/bpg/expbestpracticeguide_en_v3.pdf]
[www.tourismexperience.org/-/media/eu-experience/downloads/final-reports/bpg/expbestpracticecompanionguideen.pdf]
[www.tourismexperience.org/-/media/eu-experience/downloads/final-reports/regional-evaluation/norfolk_expregionalevaluationen.pdf]
[www.tourismexperience.org/-/media/eu-experience/downloads/final-reports/regional-evaluation/kent_expregionalevaluationen.pdf]
[www.tourismexperience.org/-/media/eu-experience/downloads/final-reports/regional-evaluation/cornwall_expregionalevaluationen.pdf]
[www.tourismexperience.org/-/media/eu-experience/downloads/final-reports/regional-evaluation/brittany_expregionalevaluationen.pdf]
[www.tourismexperience.org/-/media/eu-experience/downloads/final-reports/regional-evaluation/compiegne_expregionalevaluationen.pdf]
[www.tourismexperience.org/-/media/eu-experience/downloads/final-reports/regional-evaluation/pasdecalais_expregionalevaluationen.pdf]
[www.tourismexperience.org/resources-hub/regional-marketing-reports/kent-marketing-reports.html]
[www.tourismexperience.org/resources-hub/regional-marketing-reports/kent-marketing-reports.html]
[www.tourismexperience.org/resources-hub/regional-marketing-reports/norfolk-marketing-reports.html]
[www.tourismexperience.org/resources-hub/regional-marketing-reports/norfolk-marketing-reports.html]
[www.tourismexperience.org/resources-hub/regional-marketing-reports/brittany-marketing-reports.html]
[www.tourismexperience.org/resources-hub/regional-marketing-reports/brittany-marketing-reports.html]
[www.tourismexperience.org/resources-hub/regional-marketing-reports/compiegne-marketing-reports.html]
[www.tourismexperience.org/resources-hub/regional-marketing-reports/compiegne-marketing-reports.html]
[www.tourismexperience.org/resources-hub/regional-marketing-reports/pas-de-calais-marketing-reports.html]
[www.tourismexperience.org/resources-hub/regional-marketing-reports/pas-de-calais-marketing-reports.html]
[www.tourismexperience.org/-/media/eu-experience/unversioned-images/resources-hub/chapter-1/chapter-1.jpg]
[www.tourismexperience.org/-/media/eu-experience/unversioned-images/resources-hub/library-fit.jpg]
[www.tourismexperience.org/resources-hub/what-is-experiential-tourism/library.html]
[www.tourismexperience.org/resources-hub/what-is-experiential-tourism/library.html]
[www.tourismexperience.org/resources-hub/what-is-experiential-tourism/case-studies.html]
[www.tourismexperience.org/resources-hub/what-is-experiential-tourism/case-studies.html]
[www.tourismexperience.org/-/media/eu-experience/unversioned-images/resources-hub/video-resources-fit.jpg]
[www.tourismexperience.org/resources-hub/what-is-experiential-tourism/video-resources.html]
[www.tourismexperience.org/resources-hub/what-is-experiential-tourism/video-resources.html]
[www.tourismexperience.org/-/media/eu-experience/unversioned-images/resources-hub/chapter-2/chapter-2.jpg]
[www.tourismexperience.org/resources-hub/different-seasons-different-markets/library.html]
[www.tourismexperience.org/resources-hub/different-seasons-different-markets/library.html]
[www.tourismexperience.org/resources-hub/different-seasons-different-markets/case-studies.html]
[www.tourismexperience.org/resources-hub/different-seasons-different-markets/case-studies.html]
[www.tourismexperience.org/resources-hub/different-seasons-different-markets/video-resources.html]
[www.tourismexperience.org/resources-hub/different-seasons-different-markets/video-resources.html]
[www.tourismexperience.org/-/media/eu-experience/unversioned-images/resources-hub/chapter-3/chapter-3.jpg]
[www.tourismexperience.org/resources-hub/what-is-special-about-your-offer-in-the-low-season/library.html]
[www.tourismexperience.org/resources-hub/what-is-special-about-your-offer-in-the-low-season/library.html]
[www.tourismexperience.org/resources-hub/what-is-special-about-your-offer-in-the-low-season/case-studies.html]
[www.tourismexperience.org/resources-hub/what-is-special-about-your-offer-in-the-low-season/case-studies.html]
[www.tourismexperience.org/resources-hub/what-is-special-about-your-offer-in-the-low-season/video-resources.html]
[www.tourismexperience.org/resources-hub/what-is-special-about-your-offer-in-the-low-season/video-resources.html]
[www.tourismexperience.org/-/media/eu-experience/unversioned-images/resources-hub/chapter-4/chapter-4.jpg]
[www.tourismexperience.org/resources-hub/creating-innovative-experiences/library.html]
[www.tourismexperience.org/resources-hub/creating-innovative-experiences/library.html]
[www.tourismexperience.org/resources-hub/creating-innovative-experiences/case-studies.html]
[www.tourismexperience.org/resources-hub/creating-innovative-experiences/case-studies.html]
[www.tourismexperience.org/resources-hub/creating-innovative-experiences/video-resources.html]
[www.tourismexperience.org/resources-hub/creating-innovative-experiences/video-resources.html]
[www.tourismexperience.org/-/media/eu-experience/unversioned-images/resources-hub/chapter-5/chapter-5.jpg]
[www.tourismexperience.org/resources-hub/marketing-and-storytelling/library.html]
[www.tourismexperience.org/resources-hub/marketing-and-storytelling/library.html]
[www.tourismexperience.org/resources-hub/marketing-and-storytelling/case-studies.html]
[www.tourismexperience.org/resources-hub/marketing-and-storytelling/case-studies.html]
[www.tourismexperience.org/resources-hub/marketing-and-storytelling/video-resources.html]
[www.tourismexperience.org/resources-hub/marketing-and-storytelling/video-resources.html]
[www.tourismexperience.org/-/media/eu-experience/unversioned-images/resources-hub/chapter-6/chapter-6.jpg]
[www.tourismexperience.org/resources-hub/benefits-of-experiential-tourism/library.html]
[www.tourismexperience.org/resources-hub/benefits-of-experiential-tourism/library.html]
[www.tourismexperience.org/resources-hub/benefits-of-experiential-tourism/case-studies.html]
[www.tourismexperience.org/resources-hub/benefits-of-experiential-tourism/case-studies.html]
[www.tourismexperience.org/resources-hub/benefits-of-experiential-tourism/video-resources.html]
[www.tourismexperience.org/resources-hub/benefits-of-experiential-tourism/video-resources.html]
[www.tourismexperience.org/-/media/eu-experience/unversioned-images/regions/kent/kent-exp--etchinghill--building-a-den720x480.jpg]
[www.tourismexperience.org/-/media/eu-experience/unversioned-images/regions/kent/kent01a8994mobility-scooter-near-cliffs720x480.jpg]
[www.tourismexperience.org/-/media/eu-experience/unversioned-images/regions/kent/kent01a8344-kayak--paddleboard720x480.jpg]
[www.tourismexperience.org/-/media/eu-experience/unversioned-images/regions/kent/kent01a8756-mushroom-foraging720x480.jpg]
[www.tourismexperience.org/-/media/eu-experience/unversioned-images/regions/kent/kent-downs--horseriding-in-woods--d-evans720x480.jpg]
[www.tourismexperience.org/-/media/eu-experience/unversioned-images/regions/kent/kentds8000-wellbeing720x480.jpg]
[www.tourismexperience.org/-/media/eu-experience/unversioned-images/regions/kent/kent01a9386-wood-carving720x480.jpg]
[www.tourismexperience.org/-/media/eu-experience/unversioned-images/regions/brittany/pp8-mxt/brittany-18plgsnoulamoureuxd45061720x480jpg.jpg]
[www.tourismexperience.org/-/media/eu-experience/unversioned-images/regions/brittany/pp7-cad/brittany-adt-aa1626_loic-kersuzan---morbihan-tourisme-720x480.png]
[www.tourismexperience.org/-/media/eu-experience/unversioned-images/regions/brittany/pp8-mxt/brittanymontsarreerandocrtbaa1279derennesyannick720x480jpg.jpg]
[www.tourismexperience.org/-/media/eu-experience/unversioned-images/regions/brittany/pp7-cad/brittany-cad22_00381_quilgars-yohann-720x480.jpg]
[www.tourismexperience.org/-/media/eu-experience/unversioned-images/regions/brittany/pp8-mxt/brittany-18lcq_lamoureux_mg_1019-720x480.jpg]
[www.tourismexperience.org/-/media/eu-experience/unversioned-images/regions/brittany/pp8-mxt/brittany-plougasnou16_mg_6931.jpg]
[www.tourismexperience.org/-/media/eu-experience/unversioned-images/regions/brittany/pp8-mxt/brittany-crtbac3666diaphaneell-prod720x480jpg.jpg]
[www.tourismexperience.org/-/media/eu-experience/unversioned-images/regions/cornwall/cornwall-mounts-bay-path--simon-rickwood--bang-bang-creative720x480.jpg]
[www.tourismexperience.org/-/media/eu-experience/unversioned-images/regions/cornwall/cornwall-coast-path-rainy-day--credit--kathy-hill720x480.jpg]
[www.tourismexperience.org/-/media/eu-experience/unversioned-images/regions/cornwall/cornwall-carn-galver-cyclists--credit-simon-stuart-miller720x480.jpg]
[www.tourismexperience.org/-/media/eu-experience/unversioned-images/regions/cornwall/cornwall-foraging-credit--kathy-hill720x480.jpg]
[www.tourismexperience.org/-/media/eu-experience/unversioned-images/regions/cornwall/cornwall-arial-view-jubilee-pool--credit--simon-rickwood-bang-bang-creative720x480jpg.jpg]
[www.tourismexperience.org/-/media/eu-experience/unversioned-images/regions/cornwall/cornwall-lone-cyclist--credit-simon-stuart-miller720x480.jpg]
[www.tourismexperience.org/-/media/eu-experience/unversioned-images/regions/cornwall/cornwall-paddelboarder--credit-craig-pedley720x480.jpg]
[www.tourismexperience.org/-/media/eu-experience/unversioned-images/regions/cornwall/cornwall-prom-stones---credit---craig-pedley720x480.jpg]
[www.tourismexperience.org/-/media/eu-experience/unversioned-images/regions/cornwall/cornwall-swimmer-credit--jubilee-pool720x480.jpg]
[www.tourismexperience.org/-/media/eu-experience/unversioned-images/regions/pas-de-calais/pp4-pdct/calais-lesdeuxcaps19ev4emmanuelberthier720x480.jpg]
[www.tourismexperience.org/-/media/eu-experience/unversioned-images/regions/pas-de-calais/pp5-dpdc/calais-wailly2credit-yannick-cadart720x480.jpg]
[www.tourismexperience.org/-/media/eu-experience/unversioned-images/regions/pas-de-calais/pp5-dpdc/sentier-de-randonne-fontaine-bniecredit-jrme-pouille-cd-62720x480.jpg]
[www.tourismexperience.org/-/media/eu-experience/unversioned-images/regions/pas-de-calais/pp4-pdct/atelier-culinaire-mareis--etaples-3--pasdecalais-tourisme720x480.jpg]
[www.tourismexperience.org/-/media/eu-experience/unversioned-images/regions/pas-de-calais/pp5-dpdc/calais-roller-wailly-1credit-yannick-cadart720x480.jpg]
[www.tourismexperience.org/-/media/eu-experience/unversioned-images/regions/pas-de-calais/pp5-dpdc/calais-credit-jrme-pouille-cd62720x480.jpg]
[www.tourismexperience.org/-/media/eu-experience/unversioned-images/regions/pas-de-calais/pp4-pdct/photo-annesophie-flament-la-cave-du-perl-loison-sur-crquoise8043720x480.jpg]
[www.tourismexperience.org/-/media/eu-experience/unversioned-images/regions/pas-de-calais/pp4-pdct/calais-accueil-03-spl-tourisme720x480.jpg]
[www.tourismexperience.org/-/media/eu-experience/unversioned-images/regions/compiegne/pp12-onf/compiegnecopyright_onf_marjorielevasseur.jpg]
[www.tourismexperience.org/-/media/eu-experience/unversioned-images/regions/compiegne/pp6-arc/720cook-guillaume-chacun---rsonance-films.jpg]
[www.tourismexperience.org/-/media/eu-experience/unversioned-images/regions/compiegne/pp6-arc/compiegne-palaisimperialextcreditsjpgilson222720x480.jpg]
[www.tourismexperience.org/-/media/eu-experience/unversioned-images/regions/compiegne/pp6-arc/720-guillaume-chacun---rsonance-films.jpg]
[www.tourismexperience.org/-/media/eu-experience/unversioned-images/regions/compiegne/pp6-arc/compiegneparcduchteauhiver-2019compigne-tourisme720x480.jpg]
[www.tourismexperience.org/-/media/eu-experience/unversioned-images/regions/compiegne/pp12-onf/compiegne-vttneige_crdit_thierryniez.jpg]
[www.tourismexperience.org/-/media/eu-experience/unversioned-images/regions/compiegne/pp6-arc/720winter-guillaume-chacun---rsonance-films.jpg]
[www.tourismexperience.org/-/media/eu-experience/unversioned-images/regions/compiegne/pp6-arc/720guillaume-chacun---rsonance.jpg]
[www.tourismexperience.org/-/media/eu-experience/unversioned-images/news/closing-conference.png]
[www.tourismexperience.org/-/media/eu-experience/unversioned-images/news/prince-of-forest.png]
[www.tourismexperience.org/-/media/eu-experience/unversioned-images/news/cornwalllogoad0d.jpg]
[www.tourismexperience.org/-/media/eu-experience/unversioned-images/news/ace-bid-vv-small.png]
[www.tourismexperience.org/-/media/eu-experience/unversioned-images/news/love-light-v-small.jpg]
[www.tourismexperience.org/-/media/eu-experience/downloads/designing-and-marketing-low-season-tourism-experiences.pdf]
[www.tourismexperience.org/-/media/eu-experience/downloads/exp-manual---training-slides.pptx]
[www.compiegne-pierrefonds.fr/wp-content/themes/compiegne/assets/dist/images/layers.html]
[www.compiegne-pierrefonds.fr/wp-content/themes/compiegne/assets/dist/images/layers-2x.html]
[www.compiegne-pierrefonds.fr/wp-content/themes/compiegne/assets/dist/images/marker-icon.html]
[www.compiegne-pierrefonds.fr/wp-content/themes/compiegne/assets/images/ajax_loader.html]
[www.tourismexperience.org/-/media/eu-experience/downloads/final-reports/marketing-reports/kent/kentclaim7t421b2breporten.pdf]
[www.tourismexperience.org/-/media/eu-experience/downloads/final-reports/marketing-reports/kent/kentclaim7t422b2creporten.pdf]
[www.tourismexperience.org/-/media/eu-experience/downloads/final-reports/marketing-reports/kent/kentclaim7t423digitallabreporten.pdf]
[www.tourismexperience.org/-/media/eu-experience/downloads/final-reports/marketing-reports/kent/kentclaim7t431consumercampaignreporten.pdf]
[www.tourismexperience.org/-/media/eu-experience/downloads/final-reports/marketing-reports/norfolk/pp1_b2btestingreport_en.pdf]
[www.tourismexperience.org/-/media/eu-experience/downloads/final-reports/marketing-reports/norfolk/pp1_b2ctesting_report_en.pdf]
[www.tourismexperience.org/-/media/eu-experience/downloads/final-reports/marketing-reports/norfolk/pp1_digitallabreport_en.pdf]
[www.tourismexperience.org/-/media/eu-experience/downloads/final-reports/marketing-reports/norfolk/pp1_targetedconsumercampaignreport_en.pdf]
[www.tourismexperience.org/-/media/eu-experience/downloads/final-reports/marketing-reports/brittany/brittanyclaim7t421b2breporten.pdf]
[www.tourismexperience.org/-/media/eu-experience/downloads/final-reports/marketing-reports/brittany/brittanyclaim7t422b2creporten.pdf]
[www.tourismexperience.org/-/media/eu-experience/downloads/final-reports/marketing-reports/brittany/brittanyclaim7t423digitallabreporten.pdf]
[www.tourismexperience.org/-/media/eu-experience/downloads/final-reports/marketing-reports/brittany/brittanyclaim7t431consumercampaignreporten.pdf]
[www.tourismexperience.org/-/media/eu-experience/downloads/final-reports/marketing-reports/compiegne/compiegneclaim7t421b2breporten.pdf]
[www.tourismexperience.org/-/media/eu-experience/downloads/final-reports/marketing-reports/compiegne/compiegneclaim7t422b2creporten.pdf]
[www.tourismexperience.org/-/media/eu-experience/downloads/final-reports/marketing-reports/compiegne/compiegneclaim7t423digitallabreporten.pdf]
[www.tourismexperience.org/-/media/eu-experience/downloads/final-reports/marketing-reports/compiegne/compiegneclaim7t431consumercampaignreporten.pdf]
[www.tourismexperience.org/-/media/eu-experience/downloads/final-reports/marketing-reports/pas-de-calais/pasdecalaisclaim7t422b2creporten.pdf]
[www.tourismexperience.org/-/media/eu-experience/downloads/final-reports/marketing-reports/pas-de-calais/pasdecalaisclaim7t423digitallabreporten.pdf]
[www.tourismexperience.org/-/media/eu-experience/downloads/final-reports/marketing-reports/pas-de-calais/pasdecalaisclaim7t431consumercampaignreporten.pdf]
[www.tourismexperience.org/-/media/eu-experience/unversioned-images/resources-hub/chapter-1/1-chapter-1.jpg]
[www.tourismexperience.org/-/media/eu-experience/downloads/chapter-1/chap-1---products-make-way-for-experiences.pdf]
[www.tourismexperience.org/-/media/eu-experience/downloads/chapter-1/introduction-to-experiential-tourism-03.pdf]
[www.tourismexperience.org/-/media/eu-experience/downloads/chapter-1/kent-downs-experience-maker-toolkit.pdf]
[www.tourismexperience.org/-/media/eu-experience/downloads/chapter-1/pp3-vk/top-tips-for-business-resilience.pdf]
[www.tourismexperience.org/-/media/eu-experience/downloads/chapter-1/how-to-develop-a-visitor-experience-05.pdf]
[www.tourismexperience.org/-/media/eu-experience/downloads/chapter-1/experience-toolkit.pdf]
[www.tourismexperience.org/-/media/eu-experience/downloads/chapter-1/pp10-cc/five-steps-to-create-your-own-experience.pdf]
[www.tourismexperience.org/-/media/eu-experience/downloads/chapter-1/pp7-cad/introduction-to-experiential-tourism.pdf]
[www.tourismexperience.org/-/media/eu-experience/downloads/chapter-1/pp7-cad/create-your-experiential-nature-offer.pdf]
[www.tourismexperience.org/-/media/eu-experience/downloads/chapter-1/pp7-cad/create-your-experiential-heritage-offer.pdf]
[www.tourismexperience.org/-/media/eu-experience/downloads/chapter-1/pp7-cad/create-your-experiential-offer-in-accommodation.pdf]
[www.tourismexperience.org/-/media/eu-experience/downloads/chapter-1/pp10-cc/experience-development-workshop.pdf]
[www.tourismexperience.org/-/media/eu-experience/downloads/chapter-1/pp10-cc/an-intro-to-experience-g7.pdf]
[www.tourismexperience.org/-/media/eu-experience/downloads/chapter-1/pp9-uos/experience-manual-toolkit.pdf]
[www.tourismexperience.org/-/media/eu-experience/downloads/chapter-1/pp9-uos/marketing-advice-for-dmos.pdf]
[www.tourismexperience.org/-/media/eu-experience/downloads/chapter-1/pp3-vk/building-partnerships-maximises-visitor-economy-revenue.pdf]
[www.tourismexperience.org/-/media/eu-experience/downloads/chapter-1/pp3-vk/port-lympne.pdf]
[www.tourismexperience.org/-/media/eu-experience/downloads/chapter-1/pp10-cc/introduction-to-experience-art-and-culture.pdf]
[www.tourismexperience.org/-/media/eu-experience/downloads/chapter-1/pp10-cc/introduction-to-experience-feasts.pdf]
[www.tourismexperience.org/-/media/eu-experience/downloads/chapter-1/pp10-cc/introduction-to-experience-coast.pdf]
[www.tourismexperience.org/-/media/eu-experience/downloads/chapter-1/pp10-cc/introduction-to-experience-environment.pdf]
[www.tourismexperience.org/-/media/eu-experience/downloads/chapter-1/pp10-cc/introduction-to-experience-adventure.pdf]
[www.tourismexperience.org/-/media/eu-experience/unversioned-images/resources-hub/chapter-2/chapter-2-library.jpg]
[www.tourismexperience.org/-/media/eu-experience/downloads/chapter-2/different-seasons-different-markets.pdf]
[www.tourismexperience.org/-/media/eu-experience/downloads/chapter-2/reaching-your-target-markets-and-distributing-the-products.pdf]
[www.tourismexperience.org/-/media/eu-experience/downloads/chapter-2/toolkit-for-reaching-new-markets.pdf]
[www.tourismexperience.org/-/media/eu-experience/downloads/chapter-2/winter-tips-for-cycling.pdf]
[www.tourismexperience.org/-/media/eu-experience/downloads/chapter-2/bounce-back-from-covid.pdf]
[www.tourismexperience.org/-/media/eu-experience/downloads/chapter-2/pp7-pp8/customers--generation-alpha-012.pdf]
[www.tourismexperience.org/-/media/eu-experience/downloads/chapter-2/pp7-pp8/customers--genration-y-2342.pdf]
[www.tourismexperience.org/-/media/eu-experience/downloads/chapter-2/pp7-pp8/customers--generation-z-1322.pdf]
[www.tourismexperience.org/-/media/eu-experience/downloads/chapter-2/pp7-pp8/marketing-tourism-experiences---1-part.pdf]
[www.tourismexperience.org/-/media/eu-experience/downloads/chapter-2/pp7-pp8/marketing-tourism-experiences---2-part.pdf]
[www.tourismexperience.org/-/media/eu-experience/downloads/chapter-2/pp3-vk/12--adapt-your-business-model-to-new-trends-guide.pdf]
[www.tourismexperience.org/-/media/eu-experience/downloads/chapter-2/pp3-vk/adapting-your-business-to-new-trends.pdf]
[www.tourismexperience.org/-/media/eu-experience/downloads/chapter-2/pp3-vk/guide-on-rebuilding-consumer-confidence.pdf]
[www.tourismexperience.org/-/media/eu-experience/downloads/chapter-2/pp3-vk/rebuilding-consumer-confidence.pdf]
[www.tourismexperience.org/-/media/eu-experience/downloads/chapter-2/pp3-vk/understand-the-wider-destination.pdf]
[www.tourismexperience.org/-/media/eu-experience/downloads/chapter-2/pp3-vk/welcoming-international-visitors.pdf]
[www.tourismexperience.org/-/media/eu-experience/downloads/chapter-2/pp3-vk/working-with-the-travel-trade.pdf]
[www.tourismexperience.org/-/media/eu-experience/downloads/chapter-2/pp3-vk/guide-on-how-to-attract-the-mice-sector.pdf]
[www.tourismexperience.org/-/media/eu-experience/downloads/chapter-2/pp3-vk/how-to-attract-the-mice-sector.pdf]
[www.tourismexperience.org/-/media/eu-experience/downloads/chapter-2/creation-of-experiences-in-autumn-winter.pdf]
[www.tourismexperience.org/-/media/eu-experience/downloads/chapter-2/pp6-arc/compiegne-guideline-document.pdf]
[www.tourismexperience.org/-/media/eu-experience/downloads/chapter-2/pp6-arc/societal-trends-and-their-impact-on-tourism.pdf]
[www.tourismexperience.org/-/media/eu-experience/downloads/chapter-2/pp3-vk/culture-workshop-training-material.pdf]
[www.tourismexperience.org/-/media/eu-experience/unversioned-images/resources-hub/chapter-3/chapter-3-library.jpg]
[www.tourismexperience.org/-/media/eu-experience/downloads/chapter-3/what-is-special-about-your-offer-in-the-low-season.pdf]
[www.tourismexperience.org/-/media/eu-experience/downloads/chapter-3/experiential-offer.pdf]
[www.tourismexperience.org/-/media/eu-experience/downloads/chapter-3/pp10-cc/experience-options-analysis.pdf]
[www.tourismexperience.org/-/media/eu-experience/downloads/chapter-3/pp10-cc/experience-business-engagement-pack.pdf]
[www.tourismexperience.org/-/media/eu-experience/downloads/chapter-3/pp3-vk/guide-to-effective-photo-and-video-content-for-your-business.pdf]
[www.tourismexperience.org/-/media/eu-experience/downloads/chapter-3/pp3-vk/effective-photo-and-video-content-for-your-business.pdf]
[www.tourismexperience.org/-/media/eu-experience/downloads/chapter-3/increase-the-number-of-stays-during-off-season.pdf]
[www.tourismexperience.org/-/media/eu-experience/downloads/chapter-3/sustainable-tourism-in-protected-landscapes.pdf]
[www.tourismexperience.org/-/media/eu-experience/unversioned-images/resources-hub/chapter-4/chapter-4-library.jpg]
[www.tourismexperience.org/-/media/eu-experience/downloads/chapter-4/designing-innovative-experiences.pdf]
[www.tourismexperience.org/-/media/eu-experience/downloads/chapter-4/pp6-arc/new-experiences-in-the-pays-compignois.pdf]
[www.tourismexperience.org/-/media/eu-experience/downloads/chapter-4/adapt-and-diversify-to-attract-visitors-to-norfolk.pdf]
[www.tourismexperience.org/-/media/eu-experience/downloads/chapter-4/kent-downs-aonb-into-agritourism.pdf]
[www.tourismexperience.org/-/media/eu-experience/downloads/chapter-4/how-to-deliver-your-experience.pdf]
[www.tourismexperience.org/-/media/eu-experience/downloads/chapter-4/pp7-pp8/toolkit-for-creating-your-own-experiential-offer.pdf]
[www.tourismexperience.org/-/media/eu-experience/downloads/chapter-4/pp7-pp8/evaluation-template-for-experiential-offer.pdf]
[www.tourismexperience.org/-/media/eu-experience/downloads/chapter-4/pp7-pp8/inspirational-workshop-the-sea-in-winter.pdf]
[www.tourismexperience.org/-/media/eu-experience/downloads/chapter-4/pp7-pp8/inspirational-workshop-history-of-france-brittany-version.pdf]
[www.tourismexperience.org/-/media/eu-experience/downloads/chapter-4/pp7-pp8/inspirational-workshop-sea-scallops.pdf]
[www.tourismexperience.org/-/media/eu-experience/downloads/chapter-4/pp7-pp8/inspirational-workshop-craft-secrets-in-ctes-darmor.pdf]
[www.tourismexperience.org/-/media/eu-experience/downloads/chapter-4/pp7-pp8/inspirational-workshop-reconnect-with-nature.pdf]
[www.tourismexperience.org/-/media/eu-experience/downloads/chapter-4/pp7-pp8/feedback-form-testers-experiential-offer.pdf]
[www.tourismexperience.org/-/media/eu-experience/downloads/chapter-4/pp3-vk/guide-on-designing-new-packages.pdf]
[www.tourismexperience.org/-/media/eu-experience/downloads/chapter-4/pp3-vk/designing-new-packages.pdf]
[www.tourismexperience.org/-/media/eu-experience/downloads/chapter-4/pp3-vk/guide-on-how-to-capitalise-on-local-and-regional-events.pdf]
[www.tourismexperience.org/-/media/eu-experience/downloads/chapter-4/pp3-vk/capitalise-on-local-and-seasonal-events.pdf]
[www.tourismexperience.org/-/media/eu-experience/downloads/chapter-4/developing-extraordinary-experiences.pdf]
[www.tourismexperience.org/-/media/eu-experience/downloads/chapter-4/pp4-pdct/seminar-on-creating-experiential-offer.pdf]
[www.tourismexperience.org/-/media/eu-experience/downloads/chapter-4/pp4-pdct/grid-for-putting-together-your-experiential-offer.pdf]
[www.tourismexperience.org/-/media/eu-experience/downloads/chapter-4/pp4-pdct/sustainable-tourism.pdf]
[www.tourismexperience.org/-/media/eu-experience/downloads/chapter-4/pp6-arc/memorable-experiences-by-the-souvenir-fabrique.pdf]
[www.tourismexperience.org/-/media/eu-experience/downloads/chapter-4/pp4-pdct/annex-workshop-level-1-experiential-offer.pdf]
[www.tourismexperience.org/-/media/eu-experience/downloads/chapter-4/pp4-pdct/annex-workshop-level-2-experiential-offer.pdf]
[www.tourismexperience.org/-/media/eu-experience/unversioned-images/resources-hub/chapter-5/chapter-5-library.jpg]
[www.tourismexperience.org/-/media/eu-experience/downloads/chapter-5/marketing-and-storytelling.pdf]
[www.tourismexperience.org/-/media/eu-experience/downloads/chapter-5/pp1-ncc/storytelling-and-captivating-the-audience.pdf]
[www.tourismexperience.org/-/media/eu-experience/downloads/chapter-5/pp1-ncc/social-media-marketing---part1.pdf]
[www.tourismexperience.org/-/media/eu-experience/downloads/chapter-5/pp1-ncc/social-media-marketing---part-2.pdf]
[www.tourismexperience.org/-/media/eu-experience/downloads/chapter-5/pp10-cc/email-marketing.pdf]
[www.tourismexperience.org/-/media/eu-experience/downloads/chapter-5/pp1-ncc/how-to-promote-your-experience.pdf]
[www.tourismexperience.org/-/media/eu-experience/downloads/chapter-5/pp1-ncc/marketing--promotion-toolkit.pdf]
[www.tourismexperience.org/-/media/eu-experience/downloads/chapter-5/kent-downs-aonb-storytelling.pdf]
[www.tourismexperience.org/-/media/eu-experience/downloads/chapter-5/communication-kit.pdf]
[www.tourismexperience.org/-/media/eu-experience/downloads/chapter-5/pp10-cc/how-to-create-good-content.pdf]
[www.tourismexperience.org/-/media/eu-experience/downloads/chapter-5/pp10-cc/how-to-communicate-sustainability.pdf]
[www.tourismexperience.org/-/media/eu-experience/downloads/chapter-5/pp10-cc/social-media-workbook.pdf]
[www.tourismexperience.org/-/media/eu-experience/downloads/chapter-5/pp3-vk/guide-on-coproducing-messages-with-dmos.pdf]
[www.tourismexperience.org/-/media/eu-experience/downloads/chapter-5/pp3-vk/coproducing-messages-with-dmos.pdf]
[www.tourismexperience.org/-/media/eu-experience/downloads/chapter-5/pp3-vk/guide-on-how-to-market-an-experience-effectively.pdf]
[www.tourismexperience.org/-/media/eu-experience/downloads/chapter-5/pp3-vk/how-to-market-an-experience-effectively.pdf]
[www.tourismexperience.org/-/media/eu-experience/downloads/chapter-5/pp3-vk/guide-on-upsell-and-increase-return-visits.pdf]
[www.tourismexperience.org/-/media/eu-experience/downloads/chapter-5/pp3-vk/upsell-and-increase-return-visits.pdf]
[www.tourismexperience.org/-/media/eu-experience/downloads/chapter-5/pp10-cc/introduction-to-social-media.pdf]
[www.tourismexperience.org/-/media/eu-experience/downloads/chapter-5/pp10-cc/social-media-product-calendar.pdf]
[www.tourismexperience.org/-/media/eu-experience/downloads/chapter-5/pp10-cc/social-media-service-calendar.pdf]
[www.tourismexperience.org/-/media/eu-experience/downloads/chapter-5/pp4-pdct/how-to-make-videos.pdf]
[www.tourismexperience.org/-/media/eu-experience/downloads/chapter-5/pp4-pdct/storytelling.pdf]
[www.tourismexperience.org/-/media/eu-experience/downloads/chapter-5/pp4-pdct/know-and-use-social-networks.pdf]
[www.tourismexperience.org/-/media/eu-experience/downloads/chapter-5/pp4-pdct/promote-with-photography.pdf]
[www.tourismexperience.org/-/media/eu-experience/downloads/chapter-5/pp4-pdct/web-visibility.pdf]
[www.tourismexperience.org/-/media/eu-experience/downloads/chapter-5/pp6-arc/writing-for-the-web.pdf]
[www.tourismexperience.org/-/media/eu-experience/downloads/chapter-5/pp3-vk/are-you-pricing-your-experience-too-cheap.pdf]
[www.tourismexperience.org/-/media/eu-experience/downloads/chapter-5/pp3-vk/getting-your-experience-in-front-of-customers.pdf]
[www.tourismexperience.org/-/media/eu-experience/downloads/chapter-5/pp3-vk/upscale-your-experience-without-growing-pains.pdf]
[www.tourismexperience.org/-/media/eu-experience/downloads/chapter-5/pp3-vk/making-your-experience-easy-to-book.pdf]
[www.tourismexperience.org/-/media/eu-experience/unversioned-images/resources-hub/6-chapter-6.jpg]
[www.tourismexperience.org/-/media/eu-experience/downloads/chapter-6/benefits-of-experiential-tourism.pdf]
[www.tourismexperience.org/-/media/eu-experience/downloads/chapter-6/pp10-cc/recovery-resilience-and-experiential-tourism.pdf]
[www.tourismexperience.org/-/media/eu-experience/downloads/chapter-6/pp1-ncc/accessibility-inclusivity-indicators.pdf]
[www.tourismexperience.org/-/media/eu-experience/downloads/chapter-6/pp1-ncc/norfolk-ethnic-minority-tourism-report.pdf]
[www.tourismexperience.org/-/media/eu-experience/downloads/chapter-6/pp1-ncc/greening-your-business.pdf]
[www.tourismexperience.org/-/media/eu-experience/downloads/chapter-6/pp1-ncc/a_warm_welcome.pdf]
[www.tourismexperience.org/-/media/eu-experience/downloads/chapter-6/pp1-ncc/attractingwalkerscyclists.pdf]
[www.tourismexperience.org/-/media/eu-experience/downloads/chapter-6/welcoming-walkers-and-cyclists.pdf]
[www.tourismexperience.org/-/media/eu-experience/downloads/chapter-6/pp11-cycuk/pp11t132accreditationcriteriaguideforaccommodationbusinesses.pdf]
[www.tourismexperience.org/-/media/eu-experience/downloads/chapter-6/pp11-cycuk/pp11t132accreditationcriteriaguideforhospitalitybusinesses.pdf]
[www.tourismexperience.org/-/media/eu-experience/downloads/chapter-6/pp11-cycuk/bike-maintenance-basic-guide.pdf]
[www.tourismexperience.org/-/media/eu-experience/downloads/chapter-6/pp11-cycuk/cycle-friendly-places-information-pack.pdf]
[www.tourismexperience.org/-/media/eu-experience/downloads/chapter-6/pp11-cycuk/trailside-repairs.pdf]
[www.tourismexperience.org/-/media/eu-experience/downloads/chapter-6/pp11-cycuk/how-and-why-to-attract-cyclists.pdf]
[www.tourismexperience.org/-/media/eu-experience/downloads/chapter-6/pp11-cycuk/build-your-knowledge-bike-maintenance-advanced-guide.pdf]
[www.tourismexperience.org/-/media/eu-experience/downloads/chapter-6/pp10-cc/accessibility-design-best-practice.pdf]
[www.tourismexperience.org/-/media/eu-experience/downloads/chapter-6/pp10-cc/simple-ways-to-make-business-accessible.pdf]
[www.tourismexperience.org/-/media/eu-experience/downloads/chapter-6/pp10-cc/sustainable-events-an-introduction.pdf]
[www.tourismexperience.org/-/media/eu-experience/downloads/chapter-6/pp10-cc/sustainability-and-digital.pdf]
[www.tourismexperience.org/-/media/eu-experience/downloads/chapter-6/pp11-cycuk/economic-benefits-of-rebellion-way.pdf]
[www.tourismexperience.org/-/media/eu-experience/downloads/chapter-6/pp11-cycuk/what-to-take-on-a-day-ride.pdf]
[www.tourismexperience.org/-/media/eu-experience/downloads/chapter-6/pp11-cycuk/cycle-friendly-places-kent-launch.pdf]
[www.tourismexperience.org/-/media/eu-experience/downloads/chapter-6/pp11-cycuk/how-to-transport-your-bike-on-train-or-car.pdf]
[www.tourismexperience.org/-/media/eu-experience/downloads/chapter-6/pp7-pp8/recommendations-for-inclusive-tourism.pdf]
[www.tourismexperience.org/-/media/eu-experience/downloads/chapter-6/pp7-pp8/tourisme-durable---atelier-1-morlaix_en.pdf]
[www.tourismexperience.org/-/media/eu-experience/downloads/chapter-6/pp7-pp8/tourisme-durable---atelier-2-morlaix_en.pdf]
[www.tourismexperience.org/-/media/eu-experience/downloads/chapter-6/pp7-pp8/tourisme-durable---atelier-3-morlaix_en.pdf]
[www.tourismexperience.org/-/media/eu-experience/downloads/chapter-6/pp7-pp8/tourisme-durable---atelier-4-morlaix_en.pdf]
[www.tourismexperience.org/-/media/eu-experience/downloads/chapter-6/pp11-cycuk/guide-to-child-trailers.pdf]
[www.tourismexperience.org/-/media/eu-experience/downloads/chapter-6/pp11-cycuk/guide-to-tandems.pdf]
[www.tourismexperience.org/-/media/eu-experience/downloads/chapter-6/pp11-cycuk/keep-cycling-through-the-winter.pdf]
[www.tourismexperience.org/-/media/eu-experience/downloads/chapter-6/pp7-pp8/responsible-tourism-self-diagnostic.pdf]
[www.tourismexperience.org/-/media/eu-experience/downloads/chapter-6/pp7-pp8/sustainable-development-goals.pdf]
[www.tourismexperience.org/-/media/eu-experience/downloads/chapter-6/pp7-pp8/consumption-table.pdf]
[www.tourismexperience.org/-/media/eu-experience/downloads/chapter-6/pp7-pp8/actions-sustainable-development-goals.pdf]
[www.tourismexperience.org/-/media/eu-experience/downloads/chapter-6/pp7-pp8/transitional-action-plan.pdf]
[www.tourismexperience.org/-/media/eu-experience/downloads/chapter-6/pp10-cc/last/a-guide-to-sustainable-indoor-events.pdf]
[www.tourismexperience.org/-/media/eu-experience/downloads/chapter-6/pp10-cc/last/a-guide-to-sustainable-outdoor-events.pdf]
[www.tourismexperience.org/-/media/eu-experience/downloads/chapter-6/pp10-cc/last/how-to-run-a-sustainable-event.pdf]
[www.tourismexperience.org/-/media/eu-experience/downloads/chapter-6/pp10-cc/last/make-your-business-more-accessible.pdf]
[www.tourismexperience.org/-/media/eu-experience/downloads/chapter-6/pp10-cc/last/sustainable-tourism-webinar.pdf]
[www.tourismexperience.org/-/media/eu-experience/downloads/chapter-6/pp10-cc/last/tap-into-cycling-tourism-cornwall.pdf]
[www.tourismexperience.org/-/media/eu-experience/downloads/chapter-6/pp10-cc/last/the-sustainable-and-creative-destination.pdf]
[www.tourismexperience.org/-/media/eu-experience/downloads/chapter-6/pp6-arc/adjusting-to-the-expectation-of-bicycle-enthusiasts.pdf]
[www.tourismexperience.org/-/media/eu-experience/downloads/chapter-6/pp6-arc/car-free-weekends.pdf]
[www.tourismexperience.org/-/media/eu-experience/downloads/chapter-6/pp11-cycuk/welcoming-walkers-and-cyclists-to-your-business.pdf]
[www.tourismexperience.org/-/media/eu-experience/downloads/chapter-6/encourage-cycling-on-holidayppt.pdf]
[www.tourismexperience.org/-/media/eu-experience/downloads/chapter-6/encourage-cycling-on-holiday-report.pdf]
[www.tourismexperience.org/-/media/eu-experience/downloads/chapter-6/accessible-experiences-increase-customer-reach.pdf]
[www.tourismexperience.org/-/media/eu-experience/downloads/chapter-6/pp10-cc/accessibility-interpretation-case-studies.pdf]
[www.tourismexperience.org/-/media/eu-experience/downloads/chapter-6/pp7-pp8/sample-welcome-booklet-le-repit-de-loust.pdf]
